{
  "version": "1.5.0",
  "plugins_used": [
    {
      "name": "ArtifactoryDetector"
    },
    {
      "name": "AWSKeyDetector"
    },
    {
      "name": "AzureStorageKeyDetector"
    },
    {
      "name": "Base64HighEntropyString",
      "limit": 4.5
    },
    {
      "name": "BasicAuthDetector"
    },
    {
      "name": "CloudantDetector"
    },
    {
      "name": "DiscordBotTokenDetector"
    },
    {
      "name": "GitHubTokenDetector"
    },
    {
      "name": "GitLabTokenDetector"
    },
    {
      "name": "HexHighEntropyString",
      "limit": 3.0
    },
    {
      "name": "IbmCloudIamDetector"
    },
    {
      "name": "IbmCosHmacDetector"
    },
    {
      "name": "IPPublicDetector"
    },
    {
      "name": "JwtTokenDetector"
    },
    {
      "name": "KeywordDetector",
      "keyword_exclude": ""
    },
    {
      "name": "MailchimpDetector"
    },
    {
      "name": "NpmDetector"
    },
    {
      "name": "OpenAIDetector"
    },
    {
      "name": "PrivateKeyDetector"
    },
    {
      "name": "PypiTokenDetector"
    },
    {
      "name": "SendGridDetector"
    },
    {
      "name": "SlackDetector"
    },
    {
      "name": "SoftlayerDetector"
    },
    {
      "name": "SquareOAuthDetector"
    },
    {
      "name": "StripeDetector"
    },
    {
      "name": "TelegramBotTokenDetector"
    },
    {
      "name": "TwilioKeyDetector"
    }
  ],
  "filters_used": [
    {
      "path": "detect_secrets.filters.allowlist.is_line_allowlisted"
    },
    {
      "path": "detect_secrets.filters.common.is_baseline_file",
      "filename": ".secrets.baseline"
    },
    {
      "path": "detect_secrets.filters.common.is_ignored_due_to_verification_policies",
      "min_level": 2
    },
    {
      "path": "detect_secrets.filters.heuristic.is_indirect_reference"
    },
    {
      "path": "detect_secrets.filters.heuristic.is_likely_id_string"
    },
    {
      "path": "detect_secrets.filters.heuristic.is_lock_file"
    },
    {
      "path": "detect_secrets.filters.heuristic.is_not_alphanumeric_string"
    },
    {
      "path": "detect_secrets.filters.heuristic.is_potential_uuid"
    },
    {
      "path": "detect_secrets.filters.heuristic.is_prefixed_with_dollar_sign"
    },
    {
      "path": "detect_secrets.filters.heuristic.is_sequential_string"
    },
    {
      "path": "detect_secrets.filters.heuristic.is_swagger_file"
    },
    {
      "path": "detect_secrets.filters.heuristic.is_templated_secret"
    },
    {
      "path": "detect_secrets.filters.regex.should_exclude_file",
      "pattern": [
        ".*\\.lock",
        ".*\\.olean"
      ]
    }
  ],
  "results": {
    ".github/workflows/ci-proofs.yml": [
      {
        "type": "Base64 High Entropy String",
        "filename": ".github/workflows/ci-proofs.yml",
        "hashed_secret": "7f6ec5d6902294808e023824710a550bdc2377c5",
        "is_verified": false,
        "line_number": 140
      },
      {
        "type": "Base64 High Entropy String",
        "filename": ".github/workflows/ci-proofs.yml",
        "hashed_secret": "7d0e429a542521d2a131acf407288f08140eefe4",
        "is_verified": false,
        "line_number": 164
      }
    ],
    "examples/02_simple_vote.py": [
      {
        "type": "Hex High Entropy String",
        "filename": "examples/02_simple_vote.py",
        "hashed_secret": "606bb71d75b9200ad066f92c4f20ee32a3d294e0",
        "is_verified": false,
        "line_number": 79
      }
    ],
    "k8s/production/federation-statefulset.yaml": [
      {
        "type": "Secret Keyword",
        "filename": "k8s/production/federation-statefulset.yaml",
        "hashed_secret": "c01627537cdc40d60c5beca6bd269e0fd55d55d7",
        "is_verified": false,
        "line_number": 126
      }
    ],
    "k8s/production/ingress.yaml": [
      {
        "type": "Secret Keyword",
        "filename": "k8s/production/ingress.yaml",
        "hashed_secret": "a33321ad9707a193b171d7304ee91ed1eec5c59f",
        "is_verified": false,
        "line_number": 21
      }
    ],
    "k8s/production/secret.yaml": [
      {
        "type": "Secret Keyword",
        "filename": "k8s/production/secret.yaml",
        "hashed_secret": "ca05c500244b5df3eb02da033207be0ea16cd78f",
        "is_verified": false,
        "line_number": 15
      }
    ],
    "src/warm_logic/kernel/tests/autonomy/test_aegis_coverage.py": [
      {
        "type": "Secret Keyword",
        "filename": "src/warm_logic/kernel/tests/autonomy/test_aegis_coverage.py",
        "hashed_secret": "c096b6b8e55cca830370f2c6a187316a44819843",
        "is_verified": false,
        "line_number": 99
      },
      {
        "type": "Secret Keyword",
        "filename": "src/warm_logic/kernel/tests/autonomy/test_aegis_coverage.py",
        "hashed_secret": "513b3cc7f99b882690c58c07a13dbbce626aa555",
        "is_verified": false,
        "line_number": 113
      },
      {
        "type": "Secret Keyword",
        "filename": "src/warm_logic/kernel/tests/autonomy/test_aegis_coverage.py",
        "hashed_secret": "6d1622ce01d903dba44af9f1e1667e8eec168e49",
        "is_verified": false,
        "line_number": 170
      }
    ],
    "src/warm_logic/kernel/tests/sys/test_absolute_crypto.py": [
      {
        "type": "Hex High Entropy String",
        "filename": "src/warm_logic/kernel/tests/sys/test_absolute_crypto.py",
        "hashed_secret": "6c622d571d1d4d7232ee550f171338ac548807ff",
        "is_verified": false,
        "line_number": 65
      }
    ],
    "tests/kernel/mesh/test_dht_saturation.py": [
      {
        "type": "Secret Keyword",
        "filename": "tests/kernel/mesh/test_dht_saturation.py",
        "hashed_secret": "084e87ed5fa0f3bbb28ccd6283e2dd1811b38edd",
        "is_verified": false,
        "line_number": 76
      }
    ],
    "tests/kernel/sys/test_cryptography.py": [
      {
        "type": "Secret Keyword",
        "filename": "tests/kernel/sys/test_cryptography.py",
        "hashed_secret": "b26fb5247a0c470c2cbc6e138193d48049bd04c6",
        "is_verified": false,
        "line_number": 20
      },
      {
        "type": "Secret Keyword",
        "filename": "tests/kernel/sys/test_cryptography.py",
        "hashed_secret": "084e87ed5fa0f3bbb28ccd6283e2dd1811b38edd",
        "is_verified": false,
        "line_number": 29
      },
      {
        "type": "Secret Keyword",
        "filename": "tests/kernel/sys/test_cryptography.py",
        "hashed_secret": "4ca25246859225c49aa159f3b05313ec9d52da46",
        "is_verified": false,
        "line_number": 121
      }
    ],
    "tests/kernel/sys/test_hardware.py": [
      {
        "type": "Hex High Entropy String",
        "filename": "tests/kernel/sys/test_hardware.py",
        "hashed_secret": "90bd1b48e958257948487b90bee080ba5ed00caa",
        "is_verified": false,
        "line_number": 70
      }
    ],
    "tests/kernel/sys/test_memory.py": [
      {
        "type": "Base64 High Entropy String",
        "filename": "tests/kernel/sys/test_memory.py",
        "hashed_secret": "836e8c14bd9a44422fd893bdff4b250d5ad9a804",
        "is_verified": false,
        "line_number": 54
      }
    ],
    "tests/unit/test_security_modules.py": [
      {
        "type": "Hex High Entropy String",
        "filename": "tests/unit/test_security_modules.py",
        "hashed_secret": "aabc6baa2329644dd4c24ce57ddde468ff64ce8e",
        "is_verified": false,
        "line_number": 112
      }
    ]
  },
  "generated_at": "2026-02-13T06:39:33Z"
}
